Archive member included to satisfy reference by file (symbol)

c:/st/stm32cubeide_1.11.2/stm32cubeide/plugins/com.st.stm32cube.ide.mcu.externaltools.gnu-tools-for-stm32.10.3-2021.10.win32_1.0.100.202210260954/tools/bin/../lib/gcc/arm-none-eabi/10.3.1/../../../../arm-none-eabi/lib/thumb/v7e-m+dp/hard\libc_nano.a(lib_a-errno.o)
                              ./Core/Src/syscalls.o (__errno)
c:/st/stm32cubeide_1.11.2/stm32cubeide/plugins/com.st.stm32cube.ide.mcu.externaltools.gnu-tools-for-stm32.10.3-2021.10.win32_1.0.100.202210260954/tools/bin/../lib/gcc/arm-none-eabi/10.3.1/../../../../arm-none-eabi/lib/thumb/v7e-m+dp/hard\libc_nano.a(lib_a-exit.o)
                              c:/st/stm32cubeide_1.11.2/stm32cubeide/plugins/com.st.stm32cube.ide.mcu.externaltools.gnu-tools-for-stm32.10.3-2021.10.win32_1.0.100.202210260954/tools/bin/../lib/gcc/arm-none-eabi/10.3.1/../../../../arm-none-eabi/lib/thumb/v7e-m+dp/hard/crt0.o (exit)
c:/st/stm32cubeide_1.11.2/stm32cubeide/plugins/com.st.stm32cube.ide.mcu.externaltools.gnu-tools-for-stm32.10.3-2021.10.win32_1.0.100.202210260954/tools/bin/../lib/gcc/arm-none-eabi/10.3.1/../../../../arm-none-eabi/lib/thumb/v7e-m+dp/hard\libc_nano.a(lib_a-impure.o)
                              c:/st/stm32cubeide_1.11.2/stm32cubeide/plugins/com.st.stm32cube.ide.mcu.externaltools.gnu-tools-for-stm32.10.3-2021.10.win32_1.0.100.202210260954/tools/bin/../lib/gcc/arm-none-eabi/10.3.1/../../../../arm-none-eabi/lib/thumb/v7e-m+dp/hard\libc_nano.a(lib_a-exit.o) (_global_impure_ptr)
c:/st/stm32cubeide_1.11.2/stm32cubeide/plugins/com.st.stm32cube.ide.mcu.externaltools.gnu-tools-for-stm32.10.3-2021.10.win32_1.0.100.202210260954/tools/bin/../lib/gcc/arm-none-eabi/10.3.1/../../../../arm-none-eabi/lib/thumb/v7e-m+dp/hard\libc_nano.a(lib_a-init.o)
                              c:/st/stm32cubeide_1.11.2/stm32cubeide/plugins/com.st.stm32cube.ide.mcu.externaltools.gnu-tools-for-stm32.10.3-2021.10.win32_1.0.100.202210260954/tools/bin/../lib/gcc/arm-none-eabi/10.3.1/../../../../arm-none-eabi/lib/thumb/v7e-m+dp/hard/crt0.o (__libc_init_array)
c:/st/stm32cubeide_1.11.2/stm32cubeide/plugins/com.st.stm32cube.ide.mcu.externaltools.gnu-tools-for-stm32.10.3-2021.10.win32_1.0.100.202210260954/tools/bin/../lib/gcc/arm-none-eabi/10.3.1/../../../../arm-none-eabi/lib/thumb/v7e-m+dp/hard\libc_nano.a(lib_a-memset.o)
                              c:/st/stm32cubeide_1.11.2/stm32cubeide/plugins/com.st.stm32cube.ide.mcu.externaltools.gnu-tools-for-stm32.10.3-2021.10.win32_1.0.100.202210260954/tools/bin/../lib/gcc/arm-none-eabi/10.3.1/../../../../arm-none-eabi/lib/thumb/v7e-m+dp/hard/crt0.o (memset)
c:/st/stm32cubeide_1.11.2/stm32cubeide/plugins/com.st.stm32cube.ide.mcu.externaltools.gnu-tools-for-stm32.10.3-2021.10.win32_1.0.100.202210260954/tools/bin/../lib/gcc/arm-none-eabi/10.3.1/thumb/v7e-m+dp/hard\libgcc.a(_aeabi_uldivmod.o)
                              ./Drivers/STM32H7xx_HAL_Driver/Src/stm32h7xx_hal_uart.o (__aeabi_uldivmod)
c:/st/stm32cubeide_1.11.2/stm32cubeide/plugins/com.st.stm32cube.ide.mcu.externaltools.gnu-tools-for-stm32.10.3-2021.10.win32_1.0.100.202210260954/tools/bin/../lib/gcc/arm-none-eabi/10.3.1/thumb/v7e-m+dp/hard\libgcc.a(_udivmoddi4.o)
                              c:/st/stm32cubeide_1.11.2/stm32cubeide/plugins/com.st.stm32cube.ide.mcu.externaltools.gnu-tools-for-stm32.10.3-2021.10.win32_1.0.100.202210260954/tools/bin/../lib/gcc/arm-none-eabi/10.3.1/thumb/v7e-m+dp/hard\libgcc.a(_aeabi_uldivmod.o) (__udivmoddi4)
c:/st/stm32cubeide_1.11.2/stm32cubeide/plugins/com.st.stm32cube.ide.mcu.externaltools.gnu-tools-for-stm32.10.3-2021.10.win32_1.0.100.202210260954/tools/bin/../lib/gcc/arm-none-eabi/10.3.1/thumb/v7e-m+dp/hard\libgcc.a(_dvmd_tls.o)
                              c:/st/stm32cubeide_1.11.2/stm32cubeide/plugins/com.st.stm32cube.ide.mcu.externaltools.gnu-tools-for-stm32.10.3-2021.10.win32_1.0.100.202210260954/tools/bin/../lib/gcc/arm-none-eabi/10.3.1/thumb/v7e-m+dp/hard\libgcc.a(_aeabi_uldivmod.o) (__aeabi_ldiv0)

Discarded input sections

 .text          0x0000000000000000        0x0 c:/st/stm32cubeide_1.11.2/stm32cubeide/plugins/com.st.stm32cube.ide.mcu.externaltools.gnu-tools-for-stm32.10.3-2021.10.win32_1.0.100.202210260954/tools/bin/../lib/gcc/arm-none-eabi/10.3.1/thumb/v7e-m+dp/hard/crti.o
 .data          0x0000000000000000        0x0 c:/st/stm32cubeide_1.11.2/stm32cubeide/plugins/com.st.stm32cube.ide.mcu.externaltools.gnu-tools-for-stm32.10.3-2021.10.win32_1.0.100.202210260954/tools/bin/../lib/gcc/arm-none-eabi/10.3.1/thumb/v7e-m+dp/hard/crti.o
 .bss           0x0000000000000000        0x0 c:/st/stm32cubeide_1.11.2/stm32cubeide/plugins/com.st.stm32cube.ide.mcu.externaltools.gnu-tools-for-stm32.10.3-2021.10.win32_1.0.100.202210260954/tools/bin/../lib/gcc/arm-none-eabi/10.3.1/thumb/v7e-m+dp/hard/crti.o
[...]
Memory Configuration

Name             Origin             Length             Attributes
ITCMRAM          0x0000000000000000 0x0000000000010000 xrw
FLASH            0x0000000008000000 0x0000000000200000 xr
DTCMRAM1         0x0000000020000000 0x0000000000010000 xrw
DTCMRAM2         0x0000000020010000 0x0000000000010000 xrw
RAM              0x0000000024000000 0x0000000000100000 xrw
RAM_CD           0x0000000030000000 0x0000000000020000 xrw
RAM_SRD          0x0000000038000000 0x0000000000008000 xrw
*default*        0x0000000000000000 0xffffffffffffffff

Linker script and memory map

LOAD c:/st/stm32cubeide_1.11.2/stm32cubeide/plugins/com.st.stm32cube.ide.mcu.externaltools.gnu-tools-for-stm32.10.3-2021.10.win32_1.0.100.202210260954/tools/bin/../lib/gcc/arm-none-eabi/10.3.1/thumb/v7e-m+dp/hard/crti.o
LOAD c:/st/stm32cubeide_1.11.2/stm32cubeide/plugins/com.st.stm32cube.ide.mcu.externaltools.gnu-tools-for-stm32.10.3-2021.10.win32_1.0.100.202210260954/tools/bin/../lib/gcc/arm-none-eabi/10.3.1/thumb/v7e-m+dp/hard/crtbegin.o
LOAD c:/st/stm32cubeide_1.11.2/stm32cubeide/plugins/com.st.stm32cube.ide.mcu.externaltools.gnu-tools-for-stm32.10.3-2021.10.win32_1.0.100.202210260954/tools/bin/../lib/gcc/arm-none-eabi/10.3.1/../../../../arm-none-eabi/lib/thumb/v7e-m+dp/hard/crt0.o
LOAD ./Core/Src/main.o
LOAD ./Core/Src/stm32h7xx_hal_msp.o
LOAD ./Core/Src/stm32h7xx_it.o
LOAD ./Core/Src/syscalls.o
LOAD ./Core/Src/sysmem.o
LOAD ./Core/Src/system_stm32h7xx.o
LOAD ./Core/Startup/startup_stm32h7a3zitxq.o
LOAD ./Drivers/STM32H7xx_HAL_Driver/Src/stm32h7xx_hal.o
LOAD ./Drivers/STM32H7xx_HAL_Driver/Src/stm32h7xx_hal_cortex.o
LOAD ./Drivers/STM32H7xx_HAL_Driver/Src/stm32h7xx_hal_dma.o
LOAD ./Drivers/STM32H7xx_HAL_Driver/Src/stm32h7xx_hal_dma_ex.o
LOAD ./Drivers/STM32H7xx_HAL_Driver/Src/stm32h7xx_hal_exti.o
LOAD ./Drivers/STM32H7xx_HAL_Driver/Src/stm32h7xx_hal_flash.o
LOAD ./Drivers/STM32H7xx_HAL_Driver/Src/stm32h7xx_hal_flash_ex.o
LOAD ./Drivers/STM32H7xx_HAL_Driver/Src/stm32h7xx_hal_gpio.o
LOAD ./Drivers/STM32H7xx_HAL_Driver/Src/stm32h7xx_hal_hsem.o
LOAD ./Drivers/STM32H7xx_HAL_Driver/Src/stm32h7xx_hal_i2c.o
LOAD ./Drivers/STM32H7xx_HAL_Driver/Src/stm32h7xx_hal_i2c_ex.o
LOAD ./Drivers/STM32H7xx_HAL_Driver/Src/stm32h7xx_hal_mdma.o
LOAD ./Drivers/STM32H7xx_HAL_Driver/Src/stm32h7xx_hal_pwr.o
LOAD ./Drivers/STM32H7xx_HAL_Driver/Src/stm32h7xx_hal_pwr_ex.o
LOAD ./Drivers/STM32H7xx_HAL_Driver/Src/stm32h7xx_hal_rcc.o
LOAD ./Drivers/STM32H7xx_HAL_Driver/Src/stm32h7xx_hal_rcc_ex.o
LOAD ./Drivers/STM32H7xx_HAL_Driver/Src/stm32h7xx_hal_tim.o
LOAD ./Drivers/STM32H7xx_HAL_Driver/Src/stm32h7xx_hal_tim_ex.o
LOAD ./Drivers/STM32H7xx_HAL_Driver/Src/stm32h7xx_hal_uart.o
LOAD ./Drivers/STM32H7xx_HAL_Driver/Src/stm32h7xx_hal_uart_ex.o
START GROUP
LOAD c:/st/stm32cubeide_1.11.2/stm32cubeide/plugins/com.st.stm32cube.ide.mcu.externaltools.gnu-tools-for-stm32.10.3-2021.10.win32_1.0.100.202210260954/tools/bin/../lib/gcc/arm-none-eabi/10.3.1/../../../../arm-none-eabi/lib/thumb/v7e-m+dp/hard\libc_nano.a
LOAD c:/st/stm32cubeide_1.11.2/stm32cubeide/plugins/com.st.stm32cube.ide.mcu.externaltools.gnu-tools-for-stm32.10.3-2021.10.win32_1.0.100.202210260954/tools/bin/../lib/gcc/arm-none-eabi/10.3.1/../../../../arm-none-eabi/lib/thumb/v7e-m+dp/hard\libm.a
END GROUP
START GROUP
LOAD c:/st/stm32cubeide_1.11.2/stm32cubeide/plugins/com.st.stm32cube.ide.mcu.externaltools.gnu-tools-for-stm32.10.3-2021.10.win32_1.0.100.202210260954/tools/bin/../lib/gcc/arm-none-eabi/10.3.1/thumb/v7e-m+dp/hard\libgcc.a
LOAD c:/st/stm32cubeide_1.11.2/stm32cubeide/plugins/com.st.stm32cube.ide.mcu.externaltools.gnu-tools-for-stm32.10.3-2021.10.win32_1.0.100.202210260954/tools/bin/../lib/gcc/arm-none-eabi/10.3.1/../../../../arm-none-eabi/lib/thumb/v7e-m+dp/hard\libc_nano.a
END GROUP
START GROUP
LOAD c:/st/stm32cubeide_1.11.2/stm32cubeide/plugins/com.st.stm32cube.ide.mcu.externaltools.gnu-tools-for-stm32.10.3-2021.10.win32_1.0.100.202210260954/tools/bin/../lib/gcc/arm-none-eabi/10.3.1/thumb/v7e-m+dp/hard\libgcc.a
LOAD c:/st/stm32cubeide_1.11.2/stm32cubeide/plugins/com.st.stm32cube.ide.mcu.externaltools.gnu-tools-for-stm32.10.3-2021.10.win32_1.0.100.202210260954/tools/bin/../lib/gcc/arm-none-eabi/10.3.1/../../../../arm-none-eabi/lib/thumb/v7e-m+dp/hard\libc_nano.a
LOAD c:/st/stm32cubeide_1.11.2/stm32cubeide/plugins/com.st.stm32cube.ide.mcu.externaltools.gnu-tools-for-stm32.10.3-2021.10.win32_1.0.100.202210260954/tools/bin/../lib/gcc/arm-none-eabi/10.3.1/../../../../arm-none-eabi/lib/thumb/v7e-m+dp/hard\libnosys.a
END GROUP
START GROUP
LOAD c:/st/stm32cubeide_1.11.2/stm32cubeide/plugins/com.st.stm32cube.ide.mcu.externaltools.gnu-tools-for-stm32.10.3-2021.10.win32_1.0.100.202210260954/tools/bin/../lib/gcc/arm-none-eabi/10.3.1/thumb/v7e-m+dp/hard\libgcc.a
LOAD c:/st/stm32cubeide_1.11.2/stm32cubeide/plugins/com.st.stm32cube.ide.mcu.externaltools.gnu-tools-for-stm32.10.3-2021.10.win32_1.0.100.202210260954/tools/bin/../lib/gcc/arm-none-eabi/10.3.1/../../../../arm-none-eabi/lib/thumb/v7e-m+dp/hard\libc_nano.a
LOAD c:/st/stm32cubeide_1.11.2/stm32cubeide/plugins/com.st.stm32cube.ide.mcu.externaltools.gnu-tools-for-stm32.10.3-2021.10.win32_1.0.100.202210260954/tools/bin/../lib/gcc/arm-none-eabi/10.3.1/../../../../arm-none-eabi/lib/thumb/v7e-m+dp/hard\libnosys.a
END GROUP
LOAD c:/st/stm32cubeide_1.11.2/stm32cubeide/plugins/com.st.stm32cube.ide.mcu.externaltools.gnu-tools-for-stm32.10.3-2021.10.win32_1.0.100.202210260954/tools/bin/../lib/gcc/arm-none-eabi/10.3.1/thumb/v7e-m+dp/hard/crtend.o
LOAD c:/st/stm32cubeide_1.11.2/stm32cubeide/plugins/com.st.stm32cube.ide.mcu.externaltools.gnu-tools-for-stm32.10.3-2021.10.win32_1.0.100.202210260954/tools/bin/../lib/gcc/arm-none-eabi/10.3.1/thumb/v7e-m+dp/hard/crtn.o
                0x0000000024100000                _estack = (ORIGIN (RAM) + LENGTH (RAM))
                0x0000000000000200                _Min_Heap_Size = 0x200
                0x0000000000000400                _Min_Stack_Size = 0x400

.isr_vector     0x0000000008000000      0x2ac
                0x0000000008000000                . = ALIGN (0x4)
 *(.isr_vector)
 .isr_vector    0x0000000008000000      0x2ac ./Core/Startup/startup_stm32h7a3zitxq.o
                0x0000000008000000                g_pfnVectors
                0x00000000080002ac                . = ALIGN (0x4)

.text           0x00000000080002ac     0x5118
                0x00000000080002ac                . = ALIGN (0x4)
 *(.text)
 .text          0x00000000080002ac       0x40 c:/st/stm32cubeide_1.11.2/stm32cubeide/plugins/com.st.stm32cube.ide.mcu.externaltools.gnu-tools-for-stm32.10.3-2021.10.win32_1.0.100.202210260954/tools/bin/../lib/gcc/arm-none-eabi/10.3.1/thumb/v7e-m+dp/hard/crtbegin.o
 .text          0x00000000080002ec       0x30 c:/st/stm32cubeide_1.11.2/stm32cubeide/plugins/com.st.stm32cube.ide.mcu.externaltools.gnu-tools-for-stm32.10.3-2021.10.win32_1.0.100.202210260954/tools/bin/../lib/gcc/arm-none-eabi/10.3.1/thumb/v7e-m+dp/hard\libgcc.a(_aeabi_uldivmod.o)
                0x00000000080002ec                __aeabi_uldivmod
 .text          0x000000000800031c      0x2d0 c:/st/stm32cubeide_1.11.2/stm32cubeide/plugins/com.st.stm32cube.ide.mcu.externaltools.gnu-tools-for-stm32.10.3-2021.10.win32_1.0.100.202210260954/tools/bin/../lib/gcc/arm-none-eabi/10.3.1/thumb/v7e-m+dp/hard\libgcc.a(_udivmoddi4.o)
                0x000000000800031c                __udivmoddi4
 .text          0x00000000080005ec        0x4 c:/st/stm32cubeide_1.11.2/stm32cubeide/plugins/com.st.stm32cube.ide.mcu.externaltools.gnu-tools-for-stm32.10.3-2021.10.win32_1.0.100.202210260954/tools/bin/../lib/gcc/arm-none-eabi/10.3.1/thumb/v7e-m+dp/hard\libgcc.a(_dvmd_tls.o)
                0x00000000080005ec                __aeabi_idiv0
                0x00000000080005ec                __aeabi_ldiv0
 *(.text*)
 .text.main     0x00000000080005f0       0x50 ./Core/Src/main.o
                0x00000000080005f0                main
 .text.SystemClock_Config
                0x0000000008000640       0xec ./Core/Src/main.o
                0x0000000008000640                SystemClock_Config
 .text.MX_USART3_UART_Init
                0x000000000800072c       0x98 ./Core/Src/main.o
 .text.MX_USB_OTG_HS_USB_Init
                0x00000000080007c4        0xe ./Core/Src/main.o
 *fill*         0x00000000080007d2        0x2 
 .text.MX_GPIO_Init
                0x00000000080007d4      0x234 ./Core/Src/main.o
 .text.Error_Handler
                0x0000000008000a08        0xa ./Core/Src/main.o
                0x0000000008000a08                Error_Handler
 *fill*         0x0000000008000a12        0x2 
 .text.HAL_MspInit
                0x0000000008000a14       0x34 ./Core/Src/stm32h7xx_hal_msp.o
                0x0000000008000a14                HAL_MspInit
 .text.HAL_UART_MspInit
                0x0000000008000a48       0xd4 ./Core/Src/stm32h7xx_hal_msp.o
                0x0000000008000a48                HAL_UART_MspInit
 .text.NMI_Handler
                0x0000000008000b1c        0x6 ./Core/Src/stm32h7xx_it.o
                0x0000000008000b1c                NMI_Handler
 .text.HardFault_Handler
                0x0000000008000b22        0x6 ./Core/Src/stm32h7xx_it.o
                0x0000000008000b22                HardFault_Handler
 .text.MemManage_Handler
                0x0000000008000b28        0x6 ./Core/Src/stm32h7xx_it.o
                0x0000000008000b28                MemManage_Handler
 .text.BusFault_Handler
                0x0000000008000b2e        0x6 ./Core/Src/stm32h7xx_it.o
                0x0000000008000b2e                BusFault_Handler
 .text.UsageFault_Handler
                0x0000000008000b34        0x6 ./Core/Src/stm32h7xx_it.o
                0x0000000008000b34                UsageFault_Handler
 .text.SVC_Handler
                0x0000000008000b3a        0xe ./Core/Src/stm32h7xx_it.o
                0x0000000008000b3a                SVC_Handler
 .text.DebugMon_Handler
                0x0000000008000b48        0xe ./Core/Src/stm32h7xx_it.o
                0x0000000008000b48                DebugMon_Handler
 .text.PendSV_Handler
                0x0000000008000b56        0xe ./Core/Src/stm32h7xx_it.o
                0x0000000008000b56                PendSV_Handler
 .text.SysTick_Handler
                0x0000000008000b64        0xc ./Core/Src/stm32h7xx_it.o
                0x0000000008000b64                SysTick_Handler
 .text.SystemInit
                0x0000000008000b70       0xf0 ./Core/Src/system_stm32h7xx.o
                0x0000000008000b70                SystemInit
 .text.Reset_Handler
                0x0000000008000c60       0x50 ./Core/Startup/startup_stm32h7a3zitxq.o
                0x0000000008000c60                Reset_Handler
 .text.Default_Handler
                0x0000000008000cb0        0x2 ./Core/Startup/startup_stm32h7a3zitxq.o
                0x0000000008000cb0                RTC_Alarm_IRQHandler
                0x0000000008000cb0                EXTI2_IRQHandler
                0x0000000008000cb0                TIM8_CC_IRQHandler
                0x0000000008000cb0                UART8_IRQHandler
                0x0000000008000cb0                BDMA2_Channel1_IRQHandler
                0x0000000008000cb0                SPI4_IRQHandler
                0x0000000008000cb0                BDMA2_Channel0_IRQHandler
                0x0000000008000cb0                TIM1_CC_IRQHandler
                0x0000000008000cb0                DMA2_Stream5_IRQHandler
                0x0000000008000cb0                JPEG_IRQHandler
                0x0000000008000cb0                DMA1_Stream5_IRQHandler
                0x0000000008000cb0                EXTI3_IRQHandler
                0x0000000008000cb0                LPTIM4_IRQHandler
                0x0000000008000cb0                TIM8_TRG_COM_TIM14_IRQHandler
                0x0000000008000cb0                LPTIM2_IRQHandler
                0x0000000008000cb0                DFSDM1_FLT1_IRQHandler
                0x0000000008000cb0                DMAMUX2_OVR_IRQHandler
                0x0000000008000cb0                GFXMMU_IRQHandler
                0x0000000008000cb0                TIM8_UP_TIM13_IRQHandler
                0x0000000008000cb0                I2C3_ER_IRQHandler
                0x0000000008000cb0                DFSDM1_FLT2_IRQHandler
                0x0000000008000cb0                USART10_IRQHandler
                0x0000000008000cb0                MDMA_IRQHandler
                0x0000000008000cb0                LPTIM3_IRQHandler
                0x0000000008000cb0                BDMA2_Channel3_IRQHandler
                0x0000000008000cb0                HSEM1_IRQHandler
                0x0000000008000cb0                EXTI0_IRQHandler
                0x0000000008000cb0                I2C2_EV_IRQHandler
                0x0000000008000cb0                DAC2_IRQHandler
                0x0000000008000cb0                DMA1_Stream2_IRQHandler
                0x0000000008000cb0                FPU_IRQHandler
                0x0000000008000cb0                OTG_HS_WKUP_IRQHandler
                0x0000000008000cb0                FDCAN1_IT1_IRQHandler
                0x0000000008000cb0                LTDC_ER_IRQHandler
                0x0000000008000cb0                DMA2_Stream2_IRQHandler
                0x0000000008000cb0                SPI1_IRQHandler
                0x0000000008000cb0                OCTOSPI1_IRQHandler
                0x0000000008000cb0                TIM6_DAC_IRQHandler
                0x0000000008000cb0                BDMA2_Channel6_IRQHandler
                0x0000000008000cb0                DMA2_Stream3_IRQHandler
                0x0000000008000cb0                OCTOSPI2_IRQHandler
                0x0000000008000cb0                SAI2_IRQHandler
                0x0000000008000cb0                BDMA1_IRQHandler
                0x0000000008000cb0                DFSDM1_FLT3_IRQHandler
                0x0000000008000cb0                USART6_IRQHandler
                0x0000000008000cb0                TIM17_IRQHandler
                0x0000000008000cb0                USART3_IRQHandler
                0x0000000008000cb0                LPTIM5_IRQHandler
                0x0000000008000cb0                UART5_IRQHandler
                0x0000000008000cb0                DMA2_Stream0_IRQHandler
                0x0000000008000cb0                TIM4_IRQHandler
                0x0000000008000cb0                I2C1_EV_IRQHandler
                0x0000000008000cb0                DMA1_Stream6_IRQHandler
                0x0000000008000cb0                DMAMUX1_OVR_IRQHandler
                0x0000000008000cb0                DMA1_Stream1_IRQHandler
                0x0000000008000cb0                TIM16_IRQHandler
                0x0000000008000cb0                UART4_IRQHandler
                0x0000000008000cb0                TIM3_IRQHandler
                0x0000000008000cb0                RCC_IRQHandler
                0x0000000008000cb0                UART9_IRQHandler
                0x0000000008000cb0                TIM8_BRK_TIM12_IRQHandler
                0x0000000008000cb0                TIM1_TRG_COM_IRQHandler
                0x0000000008000cb0                Default_Handler
                0x0000000008000cb0                ECC_IRQHandler
                0x0000000008000cb0                BDMA2_Channel2_IRQHandler
                0x0000000008000cb0                CEC_IRQHandler
                0x0000000008000cb0                EXTI15_10_IRQHandler
                0x0000000008000cb0                DFSDM1_FLT4_IRQHandler
                0x0000000008000cb0                ADC_IRQHandler
                0x0000000008000cb0                DMA1_Stream7_IRQHandler
                0x0000000008000cb0                SPI5_IRQHandler
                0x0000000008000cb0                TIM7_IRQHandler
                0x0000000008000cb0                SDMMC1_IRQHandler
                0x0000000008000cb0                TIM5_IRQHandler
                0x0000000008000cb0                DMA2_Stream7_IRQHandler
                0x0000000008000cb0                TIM15_IRQHandler
                0x0000000008000cb0                I2C3_EV_IRQHandler
                0x0000000008000cb0                DFSDM2_IRQHandler
                0x0000000008000cb0                EXTI9_5_IRQHandler
                0x0000000008000cb0                RTC_WKUP_IRQHandler
                0x0000000008000cb0                LTDC_IRQHandler
                0x0000000008000cb0                SPDIF_RX_IRQHandler
                0x0000000008000cb0                PVD_PVM_IRQHandler
                0x0000000008000cb0                SPI2_IRQHandler
                0x0000000008000cb0                OTG_HS_EP1_IN_IRQHandler
                0x0000000008000cb0                DFSDM1_FLT5_IRQHandler
                0x0000000008000cb0                DMA1_Stream0_IRQHandler
                0x0000000008000cb0                CRS_IRQHandler
                0x0000000008000cb0                EXTI4_IRQHandler
                0x0000000008000cb0                DFSDM1_FLT6_IRQHandler
                0x0000000008000cb0                RNG_IRQHandler
                0x0000000008000cb0                FDCAN2_IT1_IRQHandler
                0x0000000008000cb0                COMP_IRQHandler
                0x0000000008000cb0                TIM1_UP_IRQHandler
                0x0000000008000cb0                OTG_HS_EP1_OUT_IRQHandler
                0x0000000008000cb0                WWDG_IRQHandler
                0x0000000008000cb0                SPI6_IRQHandler
                0x0000000008000cb0                MDIOS_IRQHandler
                0x0000000008000cb0                I2C4_EV_IRQHandler
                0x0000000008000cb0                FDCAN2_IT0_IRQHandler
                0x0000000008000cb0                LPUART1_IRQHandler
                0x0000000008000cb0                FDCAN1_IT0_IRQHandler
                0x0000000008000cb0                TIM2_IRQHandler
                0x0000000008000cb0                BDMA2_Channel5_IRQHandler
                0x0000000008000cb0                OTG_HS_IRQHandler
                0x0000000008000cb0                DMA2D_IRQHandler
                0x0000000008000cb0                TIM1_BRK_IRQHandler
                0x0000000008000cb0                EXTI1_IRQHandler
                0x0000000008000cb0                SDMMC2_IRQHandler
                0x0000000008000cb0                DTS_IRQHandler
                0x0000000008000cb0                UART7_IRQHandler
                0x0000000008000cb0                MDIOS_WKUP_IRQHandler
                0x0000000008000cb0                USART2_IRQHandler
                0x0000000008000cb0                DFSDM1_FLT0_IRQHandler
                0x0000000008000cb0                I2C2_ER_IRQHandler
                0x0000000008000cb0                DMA2_Stream1_IRQHandler
                0x0000000008000cb0                DFSDM1_FLT7_IRQHandler
                0x0000000008000cb0                FLASH_IRQHandler
                0x0000000008000cb0                DMA2_Stream4_IRQHandler
                0x0000000008000cb0                USART1_IRQHandler
                0x0000000008000cb0                SPI3_IRQHandler
                0x0000000008000cb0                WAKEUP_PIN_IRQHandler
                0x0000000008000cb0                DMA1_Stream4_IRQHandler
                0x0000000008000cb0                I2C1_ER_IRQHandler
                0x0000000008000cb0                FMC_IRQHandler
                0x0000000008000cb0                BDMA2_Channel7_IRQHandler
                0x0000000008000cb0                FDCAN_CAL_IRQHandler
                0x0000000008000cb0                SWPMI1_IRQHandler
                0x0000000008000cb0                LPTIM1_IRQHandler
                0x0000000008000cb0                DCMI_PSSI_IRQHandler
                0x0000000008000cb0                I2C4_ER_IRQHandler
                0x0000000008000cb0                DMA2_Stream6_IRQHandler
                0x0000000008000cb0                SAI1_IRQHandler
                0x0000000008000cb0                DMA1_Stream3_IRQHandler
                0x0000000008000cb0                RTC_TAMP_STAMP_CSS_LSE_IRQHandler
                0x0000000008000cb0                BDMA2_Channel4_IRQHandler
 *fill*         0x0000000008000cb2        0x2 
 .text.HAL_Init
                0x0000000008000cb4       0x78 ./Drivers/STM32H7xx_HAL_Driver/Src/stm32h7xx_hal.o
                0x0000000008000cb4                HAL_Init
 .text.HAL_InitTick
                0x0000000008000d2c       0x6c ./Drivers/STM32H7xx_HAL_Driver/Src/stm32h7xx_hal.o
                0x0000000008000d2c                HAL_InitTick
 .text.HAL_IncTick
                0x0000000008000d98       0x28 ./Drivers/STM32H7xx_HAL_Driver/Src/stm32h7xx_hal.o
                0x0000000008000d98                HAL_IncTick
 .text.HAL_GetTick
                0x0000000008000dc0       0x18 ./Drivers/STM32H7xx_HAL_Driver/Src/stm32h7xx_hal.o
                0x0000000008000dc0                HAL_GetTick
 .text.HAL_Delay
                0x0000000008000dd8       0x48 ./Drivers/STM32H7xx_HAL_Driver/Src/stm32h7xx_hal.o
                0x0000000008000dd8                HAL_Delay
 .text.__NVIC_SetPriorityGrouping
                0x0000000008000e20       0x48 ./Drivers/STM32H7xx_HAL_Driver/Src/stm32h7xx_hal_cortex.o
 .text.__NVIC_GetPriorityGrouping
                0x0000000008000e68       0x1c ./Drivers/STM32H7xx_HAL_Driver/Src/stm32h7xx_hal_cortex.o
 .text.__NVIC_SetPriority
                0x0000000008000e84       0x54 ./Drivers/STM32H7xx_HAL_Driver/Src/stm32h7xx_hal_cortex.o
 .text.NVIC_EncodePriority
                0x0000000008000ed8       0x66 ./Drivers/STM32H7xx_HAL_Driver/Src/stm32h7xx_hal_cortex.o
 *fill*         0x0000000008000f3e        0x2 
 .text.SysTick_Config
                0x0000000008000f40       0x44 ./Drivers/STM32H7xx_HAL_Driver/Src/stm32h7xx_hal_cortex.o
 .text.HAL_NVIC_SetPriorityGrouping
                0x0000000008000f84       0x16 ./Drivers/STM32H7xx_HAL_Driver/Src/stm32h7xx_hal_cortex.o
                0x0000000008000f84                HAL_NVIC_SetPriorityGrouping
 .text.HAL_NVIC_SetPriority
                0x0000000008000f9a       0x34 ./Drivers/STM32H7xx_HAL_Driver/Src/stm32h7xx_hal_cortex.o
                0x0000000008000f9a                HAL_NVIC_SetPriority
 .text.HAL_SYSTICK_Config
                0x0000000008000fce       0x18 ./Drivers/STM32H7xx_HAL_Driver/Src/stm32h7xx_hal_cortex.o
                0x0000000008000fce                HAL_SYSTICK_Config
 *fill*         0x0000000008000fe6        0x2 
 .text.HAL_GPIO_Init
                0x0000000008000fe8      0x360 ./Drivers/STM32H7xx_HAL_Driver/Src/stm32h7xx_hal_gpio.o
                0x0000000008000fe8                HAL_GPIO_Init
 .text.HAL_GPIO_WritePin
                0x0000000008001348       0x32 ./Drivers/STM32H7xx_HAL_Driver/Src/stm32h7xx_hal_gpio.o
                0x0000000008001348                HAL_GPIO_WritePin
 .text.HAL_GPIO_TogglePin
                0x000000000800137a       0x34 ./Drivers/STM32H7xx_HAL_Driver/Src/stm32h7xx_hal_gpio.o
                0x000000000800137a                HAL_GPIO_TogglePin
 *fill*         0x00000000080013ae        0x2 
 .text.HAL_PWREx_ConfigSupply
                0x00000000080013b0       0xb4 ./Drivers/STM32H7xx_HAL_Driver/Src/stm32h7xx_hal_pwr_ex.o
                0x00000000080013b0                HAL_PWREx_ConfigSupply
 .text.HAL_RCC_OscConfig
                0x0000000008001464      0x864 ./Drivers/STM32H7xx_HAL_Driver/Src/stm32h7xx_hal_rcc.o
                0x0000000008001464                HAL_RCC_OscConfig
 .text.HAL_RCC_ClockConfig
                0x0000000008001cc8      0x36c ./Drivers/STM32H7xx_HAL_Driver/Src/stm32h7xx_hal_rcc.o
                0x0000000008001cc8                HAL_RCC_ClockConfig
 .text.HAL_RCC_GetSysClockFreq
                0x0000000008002034      0x2f4 ./Drivers/STM32H7xx_HAL_Driver/Src/stm32h7xx_hal_rcc.o
                0x0000000008002034                HAL_RCC_GetSysClockFreq
 .text.HAL_RCC_GetHCLKFreq
                0x0000000008002328       0x60 ./Drivers/STM32H7xx_HAL_Driver/Src/stm32h7xx_hal_rcc.o
                0x0000000008002328                HAL_RCC_GetHCLKFreq
 .text.HAL_RCC_GetPCLK1Freq
                0x0000000008002388       0x2c ./Drivers/STM32H7xx_HAL_Driver/Src/stm32h7xx_hal_rcc.o
                0x0000000008002388                HAL_RCC_GetPCLK1Freq
 .text.HAL_RCC_GetPCLK2Freq
                0x00000000080023b4       0x2c ./Drivers/STM32H7xx_HAL_Driver/Src/stm32h7xx_hal_rcc.o
                0x00000000080023b4                HAL_RCC_GetPCLK2Freq
 .text.HAL_RCCEx_PeriphCLKConfig
                0x00000000080023e0     0x137c ./Drivers/STM32H7xx_HAL_Driver/Src/stm32h7xx_hal_rcc_ex.o
                0x00000000080023e0                HAL_RCCEx_PeriphCLKConfig
 .text.HAL_RCCEx_GetD3PCLK1Freq
                0x000000000800375c       0x2c ./Drivers/STM32H7xx_HAL_Driver/Src/stm32h7xx_hal_rcc_ex.o
                0x000000000800375c                HAL_RCCEx_GetD3PCLK1Freq
 .text.HAL_RCCEx_GetPLL2ClockFreq
                0x0000000008003788      0x2a8 ./Drivers/STM32H7xx_HAL_Driver/Src/stm32h7xx_hal_rcc_ex.o
                0x0000000008003788                HAL_RCCEx_GetPLL2ClockFreq
 .text.HAL_RCCEx_GetPLL3ClockFreq
                0x0000000008003a30      0x2a8 ./Drivers/STM32H7xx_HAL_Driver/Src/stm32h7xx_hal_rcc_ex.o
                0x0000000008003a30                HAL_RCCEx_GetPLL3ClockFreq
 .text.RCCEx_PLL2_Config
                0x0000000008003cd8      0x164 ./Drivers/STM32H7xx_HAL_Driver/Src/stm32h7xx_hal_rcc_ex.o
 .text.RCCEx_PLL3_Config
                0x0000000008003e3c      0x164 ./Drivers/STM32H7xx_HAL_Driver/Src/stm32h7xx_hal_rcc_ex.o
 .text.HAL_UART_Init
                0x0000000008003fa0       0xa0 ./Drivers/STM32H7xx_HAL_Driver/Src/stm32h7xx_hal_uart.o
                0x0000000008003fa0                HAL_UART_Init
 .text.UART_SetConfig
                0x0000000008004040      0xcd8 ./Drivers/STM32H7xx_HAL_Driver/Src/stm32h7xx_hal_uart.o
                0x0000000008004040                UART_SetConfig
 .text.UART_AdvFeatureConfig
                0x0000000008004d18      0x144 ./Drivers/STM32H7xx_HAL_Driver/Src/stm32h7xx_hal_uart.o
                0x0000000008004d18                UART_AdvFeatureConfig
 .text.UART_CheckIdleState
                0x0000000008004e5c      0x154 ./Drivers/STM32H7xx_HAL_Driver/Src/stm32h7xx_hal_uart.o
                0x0000000008004e5c                UART_CheckIdleState
 .text.UART_WaitOnFlagUntilTimeout
                0x0000000008004fb0       0xce ./Drivers/STM32H7xx_HAL_Driver/Src/stm32h7xx_hal_uart.o
                0x0000000008004fb0                UART_WaitOnFlagUntilTimeout
 *fill*         0x000000000800507e        0x2 
 .text.UART_EndRxTransfer
                0x0000000008005080       0xcc ./Drivers/STM32H7xx_HAL_Driver/Src/stm32h7xx_hal_uart.o
 .text.HAL_UARTEx_DisableFifoMode
                0x000000000800514c       0x72 ./Drivers/STM32H7xx_HAL_Driver/Src/stm32h7xx_hal_uart_ex.o
                0x000000000800514c                HAL_UARTEx_DisableFifoMode
 .text.HAL_UARTEx_SetTxFifoThreshold
                0x00000000080051be       0x7c ./Drivers/STM32H7xx_HAL_Driver/Src/stm32h7xx_hal_uart_ex.o
                0x00000000080051be                HAL_UARTEx_SetTxFifoThreshold
 .text.HAL_UARTEx_SetRxFifoThreshold
                0x000000000800523a       0x7c ./Drivers/STM32H7xx_HAL_Driver/Src/stm32h7xx_hal_uart_ex.o
                0x000000000800523a                HAL_UARTEx_SetRxFifoThreshold
 *fill*         0x00000000080052b6        0x2 
 .text.UARTEx_SetNbDataToProcess
                0x00000000080052b8       0x9c ./Drivers/STM32H7xx_HAL_Driver/Src/stm32h7xx_hal_uart_ex.o
 .text.__libc_init_array
                0x0000000008005354       0x48 c:/st/stm32cubeide_1.11.2/stm32cubeide/plugins/com.st.stm32cube.ide.mcu.externaltools.gnu-tools-for-stm32.10.3-2021.10.win32_1.0.100.202210260954/tools/bin/../lib/gcc/arm-none-eabi/10.3.1/../../../../arm-none-eabi/lib/thumb/v7e-m+dp/hard\libc_nano.a(lib_a-init.o)
                0x0000000008005354                __libc_init_array
 .text.memset   0x000000000800539c       0x10 c:/st/stm32cubeide_1.11.2/stm32cubeide/plugins/com.st.stm32cube.ide.mcu.externaltools.gnu-tools-for-stm32.10.3-2021.10.win32_1.0.100.202210260954/tools/bin/../lib/gcc/arm-none-eabi/10.3.1/../../../../arm-none-eabi/lib/thumb/v7e-m+dp/hard\libc_nano.a(lib_a-memset.o)
                0x000000000800539c                memset
 *(.glue_7)
 .glue_7        0x00000000080053ac        0x0 linker stubs
 *(.glue_7t)
 .glue_7t       0x00000000080053ac        0x0 linker stubs
 *(.eh_frame)
 .eh_frame      0x00000000080053ac        0x0 c:/st/stm32cubeide_1.11.2/stm32cubeide/plugins/com.st.stm32cube.ide.mcu.externaltools.gnu-tools-for-stm32.10.3-2021.10.win32_1.0.100.202210260954/tools/bin/../lib/gcc/arm-none-eabi/10.3.1/thumb/v7e-m+dp/hard/crtbegin.o
 *(.init)
 .init          0x00000000080053ac        0x4 c:/st/stm32cubeide_1.11.2/stm32cubeide/plugins/com.st.stm32cube.ide.mcu.externaltools.gnu-tools-for-stm32.10.3-2021.10.win32_1.0.100.202210260954/tools/bin/../lib/gcc/arm-none-eabi/10.3.1/thumb/v7e-m+dp/hard/crti.o
                0x00000000080053ac                _init
 .init          0x00000000080053b0        0x8 c:/st/stm32cubeide_1.11.2/stm32cubeide/plugins/com.st.stm32cube.ide.mcu.externaltools.gnu-tools-for-stm32.10.3-2021.10.win32_1.0.100.202210260954/tools/bin/../lib/gcc/arm-none-eabi/10.3.1/thumb/v7e-m+dp/hard/crtn.o
 *(.fini)
 .fini          0x00000000080053b8        0x4 c:/st/stm32cubeide_1.11.2/stm32cubeide/plugins/com.st.stm32cube.ide.mcu.externaltools.gnu-tools-for-stm32.10.3-2021.10.win32_1.0.100.202210260954/tools/bin/../lib/gcc/arm-none-eabi/10.3.1/thumb/v7e-m+dp/hard/crti.o
                0x00000000080053b8                _fini
 .fini          0x00000000080053bc        0x8 c:/st/stm32cubeide_1.11.2/stm32cubeide/plugins/com.st.stm32cube.ide.mcu.externaltools.gnu-tools-for-stm32.10.3-2021.10.win32_1.0.100.202210260954/tools/bin/../lib/gcc/arm-none-eabi/10.3.1/thumb/v7e-m+dp/hard/crtn.o
                0x00000000080053c4                . = ALIGN (0x4)
                0x00000000080053c4                _etext = .

.vfp11_veneer   0x00000000080053c4        0x0
 .vfp11_veneer  0x00000000080053c4        0x0 linker stubs

.v4_bx          0x00000000080053c4        0x0
 .v4_bx         0x00000000080053c4        0x0 linker stubs

.iplt           0x00000000080053c4        0x0
 .iplt          0x00000000080053c4        0x0 c:/st/stm32cubeide_1.11.2/stm32cubeide/plugins/com.st.stm32cube.ide.mcu.externaltools.gnu-tools-for-stm32.10.3-2021.10.win32_1.0.100.202210260954/tools/bin/../lib/gcc/arm-none-eabi/10.3.1/thumb/v7e-m+dp/hard/crtbegin.o

.rodata         0x00000000080053c4       0x38
                0x00000000080053c4                . = ALIGN (0x4)
 *(.rodata)
 *(.rodata*)
 .rodata.D1CorePrescTable
                0x00000000080053c4       0x10 ./Core/Src/system_stm32h7xx.o
                0x00000000080053c4                D1CorePrescTable
 .rodata.UARTPrescTable
                0x00000000080053d4       0x18 ./Drivers/STM32H7xx_HAL_Driver/Src/stm32h7xx_hal_uart.o
                0x00000000080053d4                UARTPrescTable
 .rodata.numerator.1
                0x00000000080053ec        0x8 ./Drivers/STM32H7xx_HAL_Driver/Src/stm32h7xx_hal_uart_ex.o
 .rodata.denominator.0
                0x00000000080053f4        0x8 ./Drivers/STM32H7xx_HAL_Driver/Src/stm32h7xx_hal_uart_ex.o
                0x00000000080053fc                . = ALIGN (0x4)

.ARM.extab
 *(.ARM.extab* .gnu.linkonce.armextab.*)

.ARM            0x00000000080053fc        0x8
                0x00000000080053fc                __exidx_start = .
 *(.ARM.exidx*)
 .ARM.exidx     0x00000000080053fc        0x8 c:/st/stm32cubeide_1.11.2/stm32cubeide/plugins/com.st.stm32cube.ide.mcu.externaltools.gnu-tools-for-stm32.10.3-2021.10.win32_1.0.100.202210260954/tools/bin/../lib/gcc/arm-none-eabi/10.3.1/thumb/v7e-m+dp/hard\libgcc.a(_udivmoddi4.o)
                0x0000000008005404                __exidx_end = .

.rel.dyn        0x0000000008005404        0x0
 .rel.iplt      0x0000000008005404        0x0 c:/st/stm32cubeide_1.11.2/stm32cubeide/plugins/com.st.stm32cube.ide.mcu.externaltools.gnu-tools-for-stm32.10.3-2021.10.win32_1.0.100.202210260954/tools/bin/../lib/gcc/arm-none-eabi/10.3.1/thumb/v7e-m+dp/hard/crtbegin.o

.preinit_array  0x0000000008005404        0x0
                0x0000000008005404                PROVIDE (__preinit_array_start = .)
 *(.preinit_array*)
                0x0000000008005404                PROVIDE (__preinit_array_end = .)

.init_array     0x0000000008005404        0x4
                0x0000000008005404                PROVIDE (__init_array_start = .)
 *(SORT_BY_NAME(.init_array.*))
 *(.init_array*)
 .init_array    0x0000000008005404        0x4 c:/st/stm32cubeide_1.11.2/stm32cubeide/plugins/com.st.stm32cube.ide.mcu.externaltools.gnu-tools-for-stm32.10.3-2021.10.win32_1.0.100.202210260954/tools/bin/../lib/gcc/arm-none-eabi/10.3.1/thumb/v7e-m+dp/hard/crtbegin.o
                0x0000000008005408                PROVIDE (__init_array_end = .)

.fini_array     0x0000000008005408        0x4
                [!provide]                        PROVIDE (__fini_array_start = .)
 *(SORT_BY_NAME(.fini_array.*))
 *(.fini_array*)
 .fini_array    0x0000000008005408        0x4 c:/st/stm32cubeide_1.11.2/stm32cubeide/plugins/com.st.stm32cube.ide.mcu.externaltools.gnu-tools-for-stm32.10.3-2021.10.win32_1.0.100.202210260954/tools/bin/../lib/gcc/arm-none-eabi/10.3.1/thumb/v7e-m+dp/hard/crtbegin.o
                [!provide]                        PROVIDE (__fini_array_end = .)
                0x000000000800540c                _sidata = LOADADDR (.data)

.data           0x0000000024000000       0x10 load address 0x000000000800540c
                0x0000000024000000                . = ALIGN (0x4)
                0x0000000024000000                _sdata = .
 *(.data)
 *(.data*)
 .data.SystemCoreClock
                0x0000000024000000        0x4 ./Core/Src/system_stm32h7xx.o
                0x0000000024000000                SystemCoreClock
 .data.SystemD2Clock
                0x0000000024000004        0x4 ./Core/Src/system_stm32h7xx.o
                0x0000000024000004                SystemD2Clock
 .data.uwTickPrio
                0x0000000024000008        0x4 ./Drivers/STM32H7xx_HAL_Driver/Src/stm32h7xx_hal.o
                0x0000000024000008                uwTickPrio
 .data.uwTickFreq
                0x000000002400000c        0x1 ./Drivers/STM32H7xx_HAL_Driver/Src/stm32h7xx_hal.o
                0x000000002400000c                uwTickFreq
 *(.RamFunc)
 *(.RamFunc*)
                0x0000000024000010                . = ALIGN (0x4)
 *fill*         0x000000002400000d        0x3 
                0x0000000024000010                _edata = .

.igot.plt       0x0000000024000010        0x0 load address 0x000000000800541c
 .igot.plt      0x0000000024000010        0x0 c:/st/stm32cubeide_1.11.2/stm32cubeide/plugins/com.st.stm32cube.ide.mcu.externaltools.gnu-tools-for-stm32.10.3-2021.10.win32_1.0.100.202210260954/tools/bin/../lib/gcc/arm-none-eabi/10.3.1/thumb/v7e-m+dp/hard/crtbegin.o
                0x0000000024000010                . = ALIGN (0x4)

.bss            0x0000000024000010       0xb4 load address 0x000000000800541c
                0x0000000024000010                _sbss = .
                0x0000000024000010                __bss_start__ = _sbss
 *(.bss)
 .bss           0x0000000024000010       0x1c c:/st/stm32cubeide_1.11.2/stm32cubeide/plugins/com.st.stm32cube.ide.mcu.externaltools.gnu-tools-for-stm32.10.3-2021.10.win32_1.0.100.202210260954/tools/bin/../lib/gcc/arm-none-eabi/10.3.1/thumb/v7e-m+dp/hard/crtbegin.o
 *(.bss*)
 .bss.huart3    0x000000002400002c       0x94 ./Core/Src/main.o
                0x000000002400002c                huart3
 .bss.uwTick    0x00000000240000c0        0x4 ./Drivers/STM32H7xx_HAL_Driver/Src/stm32h7xx_hal.o
                0x00000000240000c0                uwTick
 *(COMMON)
                0x00000000240000c4                . = ALIGN (0x4)
                0x00000000240000c4                _ebss = .
                0x00000000240000c4                __bss_end__ = _ebss

._user_heap_stack
                0x00000000240000c4      0x604 load address 0x000000000800541c
                0x00000000240000c8                . = ALIGN (0x8)
 *fill*         0x00000000240000c4        0x4 
                [!provide]                        PROVIDE (end = .)
                0x00000000240000c8                PROVIDE (_end = .)
                0x00000000240002c8                . = (. + _Min_Heap_Size)
 *fill*         0x00000000240000c8      0x200 
                0x00000000240006c8                . = (. + _Min_Stack_Size)
 *fill*         0x00000000240002c8      0x400 
                0x00000000240006c8                . = ALIGN (0x8)

/DISCARD/
 libc.a(*)
 libm.a(*)
 libgcc.a(*)

.ARM.attributes
                0x0000000000000000       0x2e
 *(.ARM.attributes)
 .ARM.attributes
                0x0000000000000000       0x1e c:/st/stm32cubeide_1.11.2/stm32cubeide/plugins/com.st.stm32cube.ide.mcu.externaltools.gnu-tools-for-stm32.10.3-2021.10.win32_1.0.100.202210260954/tools/bin/../lib/gcc/arm-none-eabi/10.3.1/thumb/v7e-m+dp/hard/crti.o
 .ARM.attributes
                0x000000000000001e       0x32 c:/st/stm32cubeide_1.11.2/stm32cubeide/plugins/com.st.stm32cube.ide.mcu.externaltools.gnu-tools-for-stm32.10.3-2021.10.win32_1.0.100.202210260954/tools/bin/../lib/gcc/arm-none-eabi/10.3.1/thumb/v7e-m+dp/hard/crtbegin.o
 .ARM.attributes
                0x0000000000000050       0x32 ./Core/Src/main.o
 .ARM.attributes
                0x0000000000000082       0x32 ./Core/Src/stm32h7xx_hal_msp.o
 .ARM.attributes
                0x00000000000000b4       0x32 ./Core/Src/stm32h7xx_it.o
 .ARM.attributes
                0x00000000000000e6       0x32 ./Core/Src/system_stm32h7xx.o
 .ARM.attributes
                0x0000000000000118       0x21 ./Core/Startup/startup_stm32h7a3zitxq.o
 .ARM.attributes
                0x0000000000000139       0x32 ./Drivers/STM32H7xx_HAL_Driver/Src/stm32h7xx_hal.o
 .ARM.attributes
                0x000000000000016b       0x32 ./Drivers/STM32H7xx_HAL_Driver/Src/stm32h7xx_hal_cortex.o
 .ARM.attributes
                0x000000000000019d       0x32 ./Drivers/STM32H7xx_HAL_Driver/Src/stm32h7xx_hal_gpio.o
 .ARM.attributes
                0x00000000000001cf       0x32 ./Drivers/STM32H7xx_HAL_Driver/Src/stm32h7xx_hal_pwr_ex.o
 .ARM.attributes
                0x0000000000000201       0x32 ./Drivers/STM32H7xx_HAL_Driver/Src/stm32h7xx_hal_rcc.o
 .ARM.attributes
                0x0000000000000233       0x32 ./Drivers/STM32H7xx_HAL_Driver/Src/stm32h7xx_hal_rcc_ex.o
 .ARM.attributes
                0x0000000000000265       0x32 ./Drivers/STM32H7xx_HAL_Driver/Src/stm32h7xx_hal_uart.o
 .ARM.attributes
                0x0000000000000297       0x32 ./Drivers/STM32H7xx_HAL_Driver/Src/stm32h7xx_hal_uart_ex.o
 .ARM.attributes
                0x00000000000002c9       0x32 c:/st/stm32cubeide_1.11.2/stm32cubeide/plugins/com.st.stm32cube.ide.mcu.externaltools.gnu-tools-for-stm32.10.3-2021.10.win32_1.0.100.202210260954/tools/bin/../lib/gcc/arm-none-eabi/10.3.1/../../../../arm-none-eabi/lib/thumb/v7e-m+dp/hard\libc_nano.a(lib_a-init.o)
 .ARM.attributes
                0x00000000000002fb       0x32 c:/st/stm32cubeide_1.11.2/stm32cubeide/plugins/com.st.stm32cube.ide.mcu.externaltools.gnu-tools-for-stm32.10.3-2021.10.win32_1.0.100.202210260954/tools/bin/../lib/gcc/arm-none-eabi/10.3.1/../../../../arm-none-eabi/lib/thumb/v7e-m+dp/hard\libc_nano.a(lib_a-memset.o)
 .ARM.attributes
                0x000000000000032d       0x1e c:/st/stm32cubeide_1.11.2/stm32cubeide/plugins/com.st.stm32cube.ide.mcu.externaltools.gnu-tools-for-stm32.10.3-2021.10.win32_1.0.100.202210260954/tools/bin/../lib/gcc/arm-none-eabi/10.3.1/thumb/v7e-m+dp/hard\libgcc.a(_aeabi_uldivmod.o)
 .ARM.attributes
                0x000000000000034b       0x32 c:/st/stm32cubeide_1.11.2/stm32cubeide/plugins/com.st.stm32cube.ide.mcu.externaltools.gnu-tools-for-stm32.10.3-2021.10.win32_1.0.100.202210260954/tools/bin/../lib/gcc/arm-none-eabi/10.3.1/thumb/v7e-m+dp/hard\libgcc.a(_udivmoddi4.o)
 .ARM.attributes
                0x000000000000037d       0x1e c:/st/stm32cubeide_1.11.2/stm32cubeide/plugins/com.st.stm32cube.ide.mcu.externaltools.gnu-tools-for-stm32.10.3-2021.10.win32_1.0.100.202210260954/tools/bin/../lib/gcc/arm-none-eabi/10.3.1/thumb/v7e-m+dp/hard\libgcc.a(_dvmd_tls.o)
 .ARM.attributes
                0x000000000000039b       0x1e c:/st/stm32cubeide_1.11.2/stm32cubeide/plugins/com.st.stm32cube.ide.mcu.externaltools.gnu-tools-for-stm32.10.3-2021.10.win32_1.0.100.202210260954/tools/bin/../lib/gcc/arm-none-eabi/10.3.1/thumb/v7e-m+dp/hard/crtn.o
OUTPUT(LED_blink_test.elf elf32-littlearm)
LOAD linker stubs
LOAD c:/st/stm32cubeide_1.11.2/stm32cubeide/plugins/com.st.stm32cube.ide.mcu.externaltools.gnu-tools-for-stm32.10.3-2021.10.win32_1.0.100.202210260954/tools/bin/../lib/gcc/arm-none-eabi/10.3.1/../../../../arm-none-eabi/lib/thumb/v7e-m+dp/hard\libc.a
LOAD c:/st/stm32cubeide_1.11.2/stm32cubeide/plugins/com.st.stm32cube.ide.mcu.externaltools.gnu-tools-for-stm32.10.3-2021.10.win32_1.0.100.202210260954/tools/bin/../lib/gcc/arm-none-eabi/10.3.1/../../../../arm-none-eabi/lib/thumb/v7e-m+dp/hard\libm.a
LOAD c:/st/stm32cubeide_1.11.2/stm32cubeide/plugins/com.st.stm32cube.ide.mcu.externaltools.gnu-tools-for-stm32.10.3-2021.10.win32_1.0.100.202210260954/tools/bin/../lib/gcc/arm-none-eabi/10.3.1/thumb/v7e-m+dp/hard\libgcc.a

.debug_info     0x0000000000000000     0xf305
 .debug_info    0x0000000000000000     0x1258 ./Core/Src/main.o
 .debug_info    0x0000000000001258     0x10c0 ./Core/Src/stm32h7xx_hal_msp.o
 .debug_info    0x0000000000002318      0x137 ./Core/Src/stm32h7xx_it.o
 .debug_info    0x000000000000244f      0xc8a ./Core/Src/system_stm32h7xx.o
 .debug_info    0x00000000000030d9       0x22 ./Core/Startup/startup_stm32h7a3zitxq.o
 .debug_info    0x00000000000030fb     0x1476 ./Drivers/STM32H7xx_HAL_Driver/Src/stm32h7xx_hal.o
 .debug_info    0x0000000000004571     0x114f ./Drivers/STM32H7xx_HAL_Driver/Src/stm32h7xx_hal_cortex.o
 .debug_info    0x00000000000056c0      0xbe7 ./Drivers/STM32H7xx_HAL_Driver/Src/stm32h7xx_hal_gpio.o
 .debug_info    0x00000000000062a7      0xfba ./Drivers/STM32H7xx_HAL_Driver/Src/stm32h7xx_hal_pwr_ex.o
 .debug_info    0x0000000000007261      0xf8f ./Drivers/STM32H7xx_HAL_Driver/Src/stm32h7xx_hal_rcc.o
 .debug_info    0x00000000000081f0     0x12c9 ./Drivers/STM32H7xx_HAL_Driver/Src/stm32h7xx_hal_rcc_ex.o
 .debug_info    0x00000000000094b9     0x4df2 ./Drivers/STM32H7xx_HAL_Driver/Src/stm32h7xx_hal_uart.o
 .debug_info    0x000000000000e2ab     0x105a ./Drivers/STM32H7xx_HAL_Driver/Src/stm32h7xx_hal_uart_ex.o

.debug_abbrev   0x0000000000000000     0x1bcd
 .debug_abbrev  0x0000000000000000      0x2c1 ./Core/Src/main.o
 .debug_abbrev  0x00000000000002c1      0x20b ./Core/Src/stm32h7xx_hal_msp.o
 .debug_abbrev  0x00000000000004cc       0x74 ./Core/Src/stm32h7xx_it.o
 .debug_abbrev  0x0000000000000540      0x147 ./Core/Src/system_stm32h7xx.o
 .debug_abbrev  0x0000000000000687       0x12 ./Core/Startup/startup_stm32h7a3zitxq.o
 .debug_abbrev  0x0000000000000699      0x289 ./Drivers/STM32H7xx_HAL_Driver/Src/stm32h7xx_hal.o
 .debug_abbrev  0x0000000000000922      0x329 ./Drivers/STM32H7xx_HAL_Driver/Src/stm32h7xx_hal_cortex.o
 .debug_abbrev  0x0000000000000c4b      0x1ec ./Drivers/STM32H7xx_HAL_Driver/Src/stm32h7xx_hal_gpio.o
 .debug_abbrev  0x0000000000000e37      0x27e ./Drivers/STM32H7xx_HAL_Driver/Src/stm32h7xx_hal_pwr_ex.o
 .debug_abbrev  0x00000000000010b5      0x2b8 ./Drivers/STM32H7xx_HAL_Driver/Src/stm32h7xx_hal_rcc.o
 .debug_abbrev  0x000000000000136d      0x26d ./Drivers/STM32H7xx_HAL_Driver/Src/stm32h7xx_hal_rcc_ex.o
 .debug_abbrev  0x00000000000015da      0x336 ./Drivers/STM32H7xx_HAL_Driver/Src/stm32h7xx_hal_uart.o
 .debug_abbrev  0x0000000000001910      0x2bd ./Drivers/STM32H7xx_HAL_Driver/Src/stm32h7xx_hal_uart_ex.o

.debug_aranges  0x0000000000000000      0xa30
 .debug_aranges
                0x0000000000000000       0x48 ./Core/Src/main.o
 .debug_aranges
                0x0000000000000048       0x30 ./Core/Src/stm32h7xx_hal_msp.o
 .debug_aranges
                0x0000000000000078       0x60 ./Core/Src/stm32h7xx_it.o
 .debug_aranges
                0x00000000000000d8       0x28 ./Core/Src/system_stm32h7xx.o
 .debug_aranges
                0x0000000000000100       0x28 ./Core/Startup/startup_stm32h7a3zitxq.o
 .debug_aranges
                0x0000000000000128      0x1a0 ./Drivers/STM32H7xx_HAL_Driver/Src/stm32h7xx_hal.o
 .debug_aranges
                0x00000000000002c8      0x120 ./Drivers/STM32H7xx_HAL_Driver/Src/stm32h7xx_hal_cortex.o
 .debug_aranges
                0x00000000000003e8       0x58 ./Drivers/STM32H7xx_HAL_Driver/Src/stm32h7xx_hal_gpio.o
 .debug_aranges
                0x0000000000000440      0x188 ./Drivers/STM32H7xx_HAL_Driver/Src/stm32h7xx_hal_pwr_ex.o
 .debug_aranges
                0x00000000000005c8       0x88 ./Drivers/STM32H7xx_HAL_Driver/Src/stm32h7xx_hal_rcc.o
 .debug_aranges
                0x0000000000000650       0xf0 ./Drivers/STM32H7xx_HAL_Driver/Src/stm32h7xx_hal_rcc_ex.o
 .debug_aranges
                0x0000000000000740      0x248 ./Drivers/STM32H7xx_HAL_Driver/Src/stm32h7xx_hal_uart.o
 .debug_aranges
                0x0000000000000988       0xa8 ./Drivers/STM32H7xx_HAL_Driver/Src/stm32h7xx_hal_uart_ex.o

.debug_ranges   0x0000000000000000      0x998
 .debug_ranges  0x0000000000000000       0x38 ./Core/Src/main.o
 .debug_ranges  0x0000000000000038       0x20 ./Core/Src/stm32h7xx_hal_msp.o
 .debug_ranges  0x0000000000000058       0x50 ./Core/Src/stm32h7xx_it.o
 .debug_ranges  0x00000000000000a8       0x18 ./Core/Src/system_stm32h7xx.o
 .debug_ranges  0x00000000000000c0       0x20 ./Core/Startup/startup_stm32h7a3zitxq.o
 .debug_ranges  0x00000000000000e0      0x190 ./Drivers/STM32H7xx_HAL_Driver/Src/stm32h7xx_hal.o
 .debug_ranges  0x0000000000000270      0x110 ./Drivers/STM32H7xx_HAL_Driver/Src/stm32h7xx_hal_cortex.o
 .debug_ranges  0x0000000000000380       0x48 ./Drivers/STM32H7xx_HAL_Driver/Src/stm32h7xx_hal_gpio.o
 .debug_ranges  0x00000000000003c8      0x178 ./Drivers/STM32H7xx_HAL_Driver/Src/stm32h7xx_hal_pwr_ex.o
 .debug_ranges  0x0000000000000540       0x78 ./Drivers/STM32H7xx_HAL_Driver/Src/stm32h7xx_hal_rcc.o
 .debug_ranges  0x00000000000005b8       0xe0 ./Drivers/STM32H7xx_HAL_Driver/Src/stm32h7xx_hal_rcc_ex.o
 .debug_ranges  0x0000000000000698      0x268 ./Drivers/STM32H7xx_HAL_Driver/Src/stm32h7xx_hal_uart.o
 .debug_ranges  0x0000000000000900       0x98 ./Drivers/STM32H7xx_HAL_Driver/Src/stm32h7xx_hal_uart_ex.o

.debug_macro    0x0000000000000000    0x2e9d2
 .debug_macro   0x0000000000000000      0x2a3 ./Core/Src/main.o
 .debug_macro   0x00000000000002a3      0xa90 ./Core/Src/main.o
 .debug_macro   0x0000000000000d33      0x232 ./Core/Src/main.o
 .debug_macro   0x0000000000000f65       0x2e ./Core/Src/main.o
 .debug_macro   0x0000000000000f93       0x42 ./Core/Src/main.o
 .debug_macro   0x0000000000000fd5       0x22 ./Core/Src/main.o
 .debug_macro   0x0000000000000ff7       0x8e ./Core/Src/main.o
 .debug_macro   0x0000000000001085       0x51 ./Core/Src/main.o
 .debug_macro   0x00000000000010d6      0x103 ./Core/Src/main.o
 .debug_macro   0x00000000000011d9       0x6a ./Core/Src/main.o
 .debug_macro   0x0000000000001243      0x1df ./Core/Src/main.o
 .debug_macro   0x0000000000001422       0x1c ./Core/Src/main.o
 .debug_macro   0x000000000000143e       0x22 ./Core/Src/main.o
 .debug_macro   0x0000000000001460       0xfb ./Core/Src/main.o
 .debug_macro   0x000000000000155b     0x1305 ./Core/Src/main.o
 .debug_macro   0x0000000000002860      0x11f ./Core/Src/main.o
 .debug_macro   0x000000000000297f       0x27 ./Core/Src/main.o
 .debug_macro   0x00000000000029a6    0x1e8d1 ./Core/Src/main.o
 .debug_macro   0x0000000000021277       0x6d ./Core/Src/main.o
 .debug_macro   0x00000000000212e4     0x3d64 ./Core/Src/main.o
 .debug_macro   0x0000000000025048      0x174 ./Core/Src/main.o
 .debug_macro   0x00000000000251bc       0x52 ./Core/Src/main.o
 .debug_macro   0x000000000002520e       0x1d ./Core/Src/main.o
 .debug_macro   0x000000000002522b       0x3c ./Core/Src/main.o
 .debug_macro   0x0000000000025267       0x34 ./Core/Src/main.o
 .debug_macro   0x000000000002529b       0x16 ./Core/Src/main.o
 .debug_macro   0x00000000000252b1       0x43 ./Core/Src/main.o
 .debug_macro   0x00000000000252f4       0x34 ./Core/Src/main.o
 .debug_macro   0x0000000000025328       0x10 ./Core/Src/main.o
 .debug_macro   0x0000000000025338       0x58 ./Core/Src/main.o
 .debug_macro   0x0000000000025390       0x71 ./Core/Src/main.o
 .debug_macro   0x0000000000025401       0x1c ./Core/Src/main.o
 .debug_macro   0x000000000002541d      0x12a ./Core/Src/main.o
 .debug_macro   0x0000000000025547      0x341 ./Core/Src/main.o
 .debug_macro   0x0000000000025888      0x19b ./Core/Src/main.o
 .debug_macro   0x0000000000025a23       0x5d ./Core/Src/main.o
 .debug_macro   0x0000000000025a80     0x24ee ./Core/Src/main.o
 .debug_macro   0x0000000000027f6e     0x103a ./Core/Src/main.o
 .debug_macro   0x0000000000028fa8      0x154 ./Core/Src/main.o
 .debug_macro   0x00000000000290fc      0x114 ./Core/Src/main.o
 .debug_macro   0x0000000000029210      0x3bf ./Core/Src/main.o
 .debug_macro   0x00000000000295cf       0xac ./Core/Src/main.o
 .debug_macro   0x000000000002967b      0x70a ./Core/Src/main.o
 .debug_macro   0x0000000000029d85      0x20c ./Core/Src/main.o
 .debug_macro   0x0000000000029f91       0x66 ./Core/Src/main.o
 .debug_macro   0x0000000000029ff7      0x3c9 ./Core/Src/main.o
 .debug_macro   0x000000000002a3c0      0x3eb ./Core/Src/main.o
 .debug_macro   0x000000000002a7ab      0x275 ./Core/Src/main.o
 .debug_macro   0x000000000002aa20      0x6c8 ./Core/Src/main.o
 .debug_macro   0x000000000002b0e8      0x520 ./Core/Src/main.o
 .debug_macro   0x000000000002b608       0x58 ./Core/Src/main.o
 .debug_macro   0x000000000002b660       0x4a ./Core/Src/main.o
 .debug_macro   0x000000000002b6aa      0x22c ./Core/Src/main.o
 .debug_macro   0x000000000002b8d6       0x67 ./Core/Src/main.o
 .debug_macro   0x000000000002b93d       0xa5 ./Core/Src/main.o
 .debug_macro   0x000000000002b9e2      0x1bd ./Core/Src/main.o
 .debug_macro   0x000000000002bb9f      0x2dc ./Core/Src/main.o
 .debug_macro   0x000000000002be7b       0x35 ./Core/Src/main.o
 .debug_macro   0x000000000002beb0      0x693 ./Core/Src/main.o
 .debug_macro   0x000000000002c543       0xa6 ./Core/Src/main.o
 .debug_macro   0x000000000002c5e9      0x5be ./Core/Src/main.o
 .debug_macro   0x000000000002cba7       0xc4 ./Core/Src/main.o
 .debug_macro   0x000000000002cc6b      0x2a3 ./Core/Src/stm32h7xx_hal_msp.o
 .debug_macro   0x000000000002cf0e      0x2ad ./Core/Src/stm32h7xx_it.o
 .debug_macro   0x000000000002d1bb      0x294 ./Core/Src/system_stm32h7xx.o
 .debug_macro   0x000000000002d44f      0x2be ./Drivers/STM32H7xx_HAL_Driver/Src/stm32h7xx_hal.o
 .debug_macro   0x000000000002d70d      0x294 ./Drivers/STM32H7xx_HAL_Driver/Src/stm32h7xx_hal_cortex.o
 .debug_macro   0x000000000002d9a1      0x29b ./Drivers/STM32H7xx_HAL_Driver/Src/stm32h7xx_hal_gpio.o
 .debug_macro   0x000000000002dc3c      0x2cd ./Drivers/STM32H7xx_HAL_Driver/Src/stm32h7xx_hal_pwr_ex.o
 .debug_macro   0x000000000002df09      0x2b8 ./Drivers/STM32H7xx_HAL_Driver/Src/stm32h7xx_hal_rcc.o
 .debug_macro   0x000000000002e1c1      0x2b2 ./Drivers/STM32H7xx_HAL_Driver/Src/stm32h7xx_hal_rcc_ex.o
 .debug_macro   0x000000000002e473      0x2bf ./Drivers/STM32H7xx_HAL_Driver/Src/stm32h7xx_hal_uart.o
 .debug_macro   0x000000000002e732      0x2a0 ./Drivers/STM32H7xx_HAL_Driver/Src/stm32h7xx_hal_uart_ex.o

.debug_line     0x0000000000000000     0xd90d
 .debug_line    0x0000000000000000      0x9d4 ./Core/Src/main.o
 .debug_line    0x00000000000009d4      0x885 ./Core/Src/stm32h7xx_hal_msp.o
 .debug_line    0x0000000000001259      0x8e8 ./Core/Src/stm32h7xx_it.o
 .debug_line    0x0000000000001b41      0x9ca ./Core/Src/system_stm32h7xx.o
 .debug_line    0x000000000000250b       0x89 ./Core/Startup/startup_stm32h7a3zitxq.o
 .debug_line    0x0000000000002594      0xde0 ./Drivers/STM32H7xx_HAL_Driver/Src/stm32h7xx_hal.o
 .debug_line    0x0000000000003374      0xdd9 ./Drivers/STM32H7xx_HAL_Driver/Src/stm32h7xx_hal_cortex.o
 .debug_line    0x000000000000414d      0xc96 ./Drivers/STM32H7xx_HAL_Driver/Src/stm32h7xx_hal_gpio.o
 .debug_line    0x0000000000004de3      0xf61 ./Drivers/STM32H7xx_HAL_Driver/Src/stm32h7xx_hal_pwr_ex.o
 .debug_line    0x0000000000005d44     0x132e ./Drivers/STM32H7xx_HAL_Driver/Src/stm32h7xx_hal_rcc.o
 .debug_line    0x0000000000007072     0x1b89 ./Drivers/STM32H7xx_HAL_Driver/Src/stm32h7xx_hal_rcc_ex.o
 .debug_line    0x0000000000008bfb     0x3ea1 ./Drivers/STM32H7xx_HAL_Driver/Src/stm32h7xx_hal_uart.o
 .debug_line    0x000000000000ca9c      0xe71 ./Drivers/STM32H7xx_HAL_Driver/Src/stm32h7xx_hal_uart_ex.o

.debug_str      0x0000000000000000   0x131e62
 .debug_str     0x0000000000000000   0x12e748 ./Core/Src/main.o
                                     0x12ec30 (size before relaxing)
 .debug_str     0x000000000012e748      0x372 ./Core/Src/stm32h7xx_hal_msp.o
                                     0x12ecbb (size before relaxing)
 .debug_str     0x000000000012eaba       0xc9 ./Core/Src/stm32h7xx_it.o
                                     0x12e104 (size before relaxing)
 .debug_str     0x000000000012eb83      0x30e ./Core/Src/system_stm32h7xx.o
                                     0x12e2c4 (size before relaxing)
 .debug_str     0x000000000012ee91       0x37 ./Core/Startup/startup_stm32h7a3zitxq.o
                                         0x9f (size before relaxing)
 .debug_str     0x000000000012eec8      0xece ./Drivers/STM32H7xx_HAL_Driver/Src/stm32h7xx_hal.o
                                     0x12f198 (size before relaxing)
 .debug_str     0x000000000012fd96      0x35a ./Drivers/STM32H7xx_HAL_Driver/Src/stm32h7xx_hal_cortex.o
                                     0x12eba8 (size before relaxing)
 .debug_str     0x00000000001300f0       0xd9 ./Drivers/STM32H7xx_HAL_Driver/Src/stm32h7xx_hal_gpio.o
                                     0x12e275 (size before relaxing)
 .debug_str     0x00000000001301c9      0x756 ./Drivers/STM32H7xx_HAL_Driver/Src/stm32h7xx_hal_pwr_ex.o
                                     0x12e7fa (size before relaxing)
 .debug_str     0x000000000013091f      0x22e ./Drivers/STM32H7xx_HAL_Driver/Src/stm32h7xx_hal_rcc.o
                                     0x12e69d (size before relaxing)
 .debug_str     0x0000000000130b4d      0x623 ./Drivers/STM32H7xx_HAL_Driver/Src/stm32h7xx_hal_rcc_ex.o
                                     0x12eb32 (size before relaxing)
 .debug_str     0x0000000000131170      0xa85 ./Drivers/STM32H7xx_HAL_Driver/Src/stm32h7xx_hal_uart.o
                                     0x12f1cd (size before relaxing)
 .debug_str     0x0000000000131bf5      0x26d ./Drivers/STM32H7xx_HAL_Driver/Src/stm32h7xx_hal_uart_ex.o
                                     0x12e76c (size before relaxing)

.comment        0x0000000000000000       0x50
 .comment       0x0000000000000000       0x50 ./Core/Src/main.o
                                         0x51 (size before relaxing)
 .comment       0x0000000000000050       0x51 ./Core/Src/stm32h7xx_hal_msp.o
 .comment       0x0000000000000050       0x51 ./Core/Src/stm32h7xx_it.o
 .comment       0x0000000000000050       0x51 ./Core/Src/system_stm32h7xx.o
 .comment       0x0000000000000050       0x51 ./Drivers/STM32H7xx_HAL_Driver/Src/stm32h7xx_hal.o
 .comment       0x0000000000000050       0x51 ./Drivers/STM32H7xx_HAL_Driver/Src/stm32h7xx_hal_cortex.o
 .comment       0x0000000000000050       0x51 ./Drivers/STM32H7xx_HAL_Driver/Src/stm32h7xx_hal_gpio.o
 .comment       0x0000000000000050       0x51 ./Drivers/STM32H7xx_HAL_Driver/Src/stm32h7xx_hal_pwr_ex.o
 .comment       0x0000000000000050       0x51 ./Drivers/STM32H7xx_HAL_Driver/Src/stm32h7xx_hal_rcc.o
 .comment       0x0000000000000050       0x51 ./Drivers/STM32H7xx_HAL_Driver/Src/stm32h7xx_hal_rcc_ex.o
 .comment       0x0000000000000050       0x51 ./Drivers/STM32H7xx_HAL_Driver/Src/stm32h7xx_hal_uart.o
 .comment       0x0000000000000050       0x51 ./Drivers/STM32H7xx_HAL_Driver/Src/stm32h7xx_hal_uart_ex.o

.debug_frame    0x0000000000000000     0x29a0
 .debug_frame   0x0000000000000000       0xcc ./Core/Src/main.o
 .debug_frame   0x00000000000000cc       0x84 ./Core/Src/stm32h7xx_hal_msp.o
 .debug_frame   0x0000000000000150      0x104 ./Core/Src/stm32h7xx_it.o
 .debug_frame   0x0000000000000254       0x58 ./Core/Src/system_stm32h7xx.o
 .debug_frame   0x00000000000002ac      0x6a8 ./Drivers/STM32H7xx_HAL_Driver/Src/stm32h7xx_hal.o
 .debug_frame   0x0000000000000954      0x4b8 ./Drivers/STM32H7xx_HAL_Driver/Src/stm32h7xx_hal_cortex.o
 .debug_frame   0x0000000000000e0c      0x14c ./Drivers/STM32H7xx_HAL_Driver/Src/stm32h7xx_hal_gpio.o
 .debug_frame   0x0000000000000f58      0x660 ./Drivers/STM32H7xx_HAL_Driver/Src/stm32h7xx_hal_pwr_ex.o
 .debug_frame   0x00000000000015b8      0x1fc ./Drivers/STM32H7xx_HAL_Driver/Src/stm32h7xx_hal_rcc.o
 .debug_frame   0x00000000000017b4      0x3ec ./Drivers/STM32H7xx_HAL_Driver/Src/stm32h7xx_hal_rcc_ex.o
 .debug_frame   0x0000000000001ba0      0xa94 ./Drivers/STM32H7xx_HAL_Driver/Src/stm32h7xx_hal_uart.o
 .debug_frame   0x0000000000002634      0x2c0 ./Drivers/STM32H7xx_HAL_Driver/Src/stm32h7xx_hal_uart_ex.o
 .debug_frame   0x00000000000028f4       0x2c c:/st/stm32cubeide_1.11.2/stm32cubeide/plugins/com.st.stm32cube.ide.mcu.externaltools.gnu-tools-for-stm32.10.3-2021.10.win32_1.0.100.202210260954/tools/bin/../lib/gcc/arm-none-eabi/10.3.1/../../../../arm-none-eabi/lib/thumb/v7e-m+dp/hard\libc_nano.a(lib_a-init.o)
 .debug_frame   0x0000000000002920       0x20 c:/st/stm32cubeide_1.11.2/stm32cubeide/plugins/com.st.stm32cube.ide.mcu.externaltools.gnu-tools-for-stm32.10.3-2021.10.win32_1.0.100.202210260954/tools/bin/../lib/gcc/arm-none-eabi/10.3.1/../../../../arm-none-eabi/lib/thumb/v7e-m+dp/hard\libc_nano.a(lib_a-memset.o)
 .debug_frame   0x0000000000002940       0x2c c:/st/stm32cubeide_1.11.2/stm32cubeide/plugins/com.st.stm32cube.ide.mcu.externaltools.gnu-tools-for-stm32.10.3-2021.10.win32_1.0.100.202210260954/tools/bin/../lib/gcc/arm-none-eabi/10.3.1/thumb/v7e-m+dp/hard\libgcc.a(_aeabi_uldivmod.o)
 .debug_frame   0x000000000000296c       0x34 c:/st/stm32cubeide_1.11.2/stm32cubeide/plugins/com.st.stm32cube.ide.mcu.externaltools.gnu-tools-for-stm32.10.3-2021.10.win32_1.0.100.202210260954/tools/bin/../lib/gcc/arm-none-eabi/10.3.1/thumb/v7e-m+dp/hard\libgcc.a(_udivmoddi4.o)
